Loading python/miniforge-25.3.0
  ERROR: python/miniforge-25.3.0 cannot be loaded due to a conflict.
    HINT: Might try "module unload python" first.
Traceback (most recent call last):
  File "/software/python-anaconda-2022.05-el8-x86_64/bin/mamba", line 7, in <module>
    from mamba.mamba import main
  File "/software/python-anaconda-2022.05-el8-x86_64/lib/python3.9/site-packages/mamba/mamba.py", line 18, in <module>
    from conda.cli.main import generate_parser, init_loggers
ImportError: cannot import name 'generate_parser' from 'conda.cli.main' (/software/python-anaconda-2022.05-el8-x86_64/lib/python3.9/site-packages/conda/cli/main.py)
Traceback (most recent call last):
  File "/software/python-anaconda-2022.05-el8-x86_64/bin/mamba", line 7, in <module>
    from mamba.mamba import main
  File "/software/python-anaconda-2022.05-el8-x86_64/lib/python3.9/site-packages/mamba/mamba.py", line 18, in <module>
    from conda.cli.main import generate_parser, init_loggers
ImportError: cannot import name 'generate_parser' from 'conda.cli.main' (/software/python-anaconda-2022.05-el8-x86_64/lib/python3.9/site-packages/conda/cli/main.py)

Bad key text.latex.preview in file /software/python-anaconda-2020.11-el8-x86_64/lib/python3.8/site-packages/matplotlib/mpl-data/stylelib/_classic_test.mplstyle, line 123 ('text.latex.preview : False')
You probably need to get an updated matplotlibrc file from
https://github.com/matplotlib/matplotlib/blob/v3.7.1/matplotlibrc.template
or from the matplotlib source distribution

Bad key text.latex.preview in file /software/python-anaconda-2020.11-el8-x86_64/lib/python3.8/site-packages/matplotlib/mpl-data/stylelib/_classic_test.mplstyle, line 123 ('text.latex.preview : False')
You probably need to get an updated matplotlibrc file from
https://github.com/matplotlib/matplotlib/blob/v3.7.1/matplotlibrc.template
or from the matplotlib source distribution

Bad key text.latex.preview in file /software/python-anaconda-2020.11-el8-x86_64/lib/python3.8/site-packages/matplotlib/mpl-data/stylelib/_classic_test.mplstyle, line 123 ('text.latex.preview : False')
You probably need to get an updated matplotlibrc file from
https://github.com/matplotlib/matplotlib/blob/v3.7.1/matplotlibrc.template
or from the matplotlib source distribution

Bad key text.latex.preview in file /software/python-anaconda-2020.11-el8-x86_64/lib/python3.8/site-packages/matplotlib/mpl-data/stylelib/_classic_test.mplstyle, line 123 ('text.latex.preview : False')
You probably need to get an updated matplotlibrc file from
https://github.com/matplotlib/matplotlib/blob/v3.7.1/matplotlibrc.template
or from the matplotlib source distribution

Bad key mathtext.fallback_to_cm in file /software/python-anaconda-2020.11-el8-x86_64/lib/python3.8/site-packages/matplotlib/mpl-data/stylelib/_classic_test.mplstyle, line 155 ('mathtext.fallback_to_cm : True  # When True, use symbols from the Computer Modern')
You probably need to get an updated matplotlibrc file from
https://github.com/matplotlib/matplotlib/blob/v3.7.1/matplotlibrc.template
or from the matplotlib source distribution

Bad key mathtext.fallback_to_cm in file /software/python-anaconda-2020.11-el8-x86_64/lib/python3.8/site-packages/matplotlib/mpl-data/stylelib/_classic_test.mplstyle, line 155 ('mathtext.fallback_to_cm : True  # When True, use symbols from the Computer Modern')
You probably need to get an updated matplotlibrc file from
https://github.com/matplotlib/matplotlib/blob/v3.7.1/matplotlibrc.template
or from the matplotlib source distribution

Bad key mathtext.fallback_to_cm in file /software/python-anaconda-2020.11-el8-x86_64/lib/python3.8/site-packages/matplotlib/mpl-data/stylelib/_classic_test.mplstyle, line 155 ('mathtext.fallback_to_cm : True  # When True, use symbols from the Computer Modern')
You probably need to get an updated matplotlibrc file from
https://github.com/matplotlib/matplotlib/blob/v3.7.1/matplotlibrc.template
or from the matplotlib source distribution

Bad key mathtext.fallback_to_cm in file /software/python-anaconda-2020.11-el8-x86_64/lib/python3.8/site-packages/matplotlib/mpl-data/stylelib/_classic_test.mplstyle, line 155 ('mathtext.fallback_to_cm : True  # When True, use symbols from the Computer Modern')
You probably need to get an updated matplotlibrc file from
https://github.com/matplotlib/matplotlib/blob/v3.7.1/matplotlibrc.template
or from the matplotlib source distribution

Bad key savefig.jpeg_quality in file /software/python-anaconda-2020.11-el8-x86_64/lib/python3.8/site-packages/matplotlib/mpl-data/stylelib/_classic_test.mplstyle, line 418 ('savefig.jpeg_quality: 95       # when a jpeg is saved, the default quality parameter.')
You probably need to get an updated matplotlibrc file from
https://github.com/matplotlib/matplotlib/blob/v3.7.1/matplotlibrc.template
or from the matplotlib source distribution

Bad key savefig.jpeg_quality in file /software/python-anaconda-2020.11-el8-x86_64/lib/python3.8/site-packages/matplotlib/mpl-data/stylelib/_classic_test.mplstyle, line 418 ('savefig.jpeg_quality: 95       # when a jpeg is saved, the default quality parameter.')
You probably need to get an updated matplotlibrc file from
https://github.com/matplotlib/matplotlib/blob/v3.7.1/matplotlibrc.template
or from the matplotlib source distribution

Bad key savefig.jpeg_quality in file /software/python-anaconda-2020.11-el8-x86_64/lib/python3.8/site-packages/matplotlib/mpl-data/stylelib/_classic_test.mplstyle, line 418 ('savefig.jpeg_quality: 95       # when a jpeg is saved, the default quality parameter.')
You probably need to get an updated matplotlibrc file from
https://github.com/matplotlib/matplotlib/blob/v3.7.1/matplotlibrc.template
or from the matplotlib source distribution

Bad key savefig.jpeg_quality in file /software/python-anaconda-2020.11-el8-x86_64/lib/python3.8/site-packages/matplotlib/mpl-data/stylelib/_classic_test.mplstyle, line 418 ('savefig.jpeg_quality: 95       # when a jpeg is saved, the default quality parameter.')
You probably need to get an updated matplotlibrc file from
https://github.com/matplotlib/matplotlib/blob/v3.7.1/matplotlibrc.template
or from the matplotlib source distribution

Bad key keymap.all_axes in file /software/python-anaconda-2020.11-el8-x86_64/lib/python3.8/site-packages/matplotlib/mpl-data/stylelib/_classic_test.mplstyle, line 466 ('keymap.all_axes : a                 # enable all axes')
You probably need to get an updated matplotlibrc file from
https://github.com/matplotlib/matplotlib/blob/v3.7.1/matplotlibrc.template
or from the matplotlib source distribution

Bad key keymap.all_axes in file /software/python-anaconda-2020.11-el8-x86_64/lib/python3.8/site-packages/matplotlib/mpl-data/stylelib/_classic_test.mplstyle, line 466 ('keymap.all_axes : a                 # enable all axes')
You probably need to get an updated matplotlibrc file from
https://github.com/matplotlib/matplotlib/blob/v3.7.1/matplotlibrc.template
or from the matplotlib source distribution

Bad key keymap.all_axes in file /software/python-anaconda-2020.11-el8-x86_64/lib/python3.8/site-packages/matplotlib/mpl-data/stylelib/_classic_test.mplstyle, line 466 ('keymap.all_axes : a                 # enable all axes')
You probably need to get an updated matplotlibrc file from
https://github.com/matplotlib/matplotlib/blob/v3.7.1/matplotlibrc.template
or from the matplotlib source distribution

Bad key animation.avconv_path in file /software/python-anaconda-2020.11-el8-x86_64/lib/python3.8/site-packages/matplotlib/mpl-data/stylelib/_classic_test.mplstyle, line 477 ('animation.avconv_path: avconv     # Path to avconv binary. Without full path')
You probably need to get an updated matplotlibrc file from
https://github.com/matplotlib/matplotlib/blob/v3.7.1/matplotlibrc.template
or from the matplotlib source distribution

Bad key animation.avconv_args in file /software/python-anaconda-2020.11-el8-x86_64/lib/python3.8/site-packages/matplotlib/mpl-data/stylelib/_classic_test.mplstyle, line 479 ('animation.avconv_args:            # Additional arguments to pass to avconv')
You probably need to get an updated matplotlibrc file from
https://github.com/matplotlib/matplotlib/blob/v3.7.1/matplotlibrc.template
or from the matplotlib source distribution

Bad key keymap.all_axes in file /software/python-anaconda-2020.11-el8-x86_64/lib/python3.8/site-packages/matplotlib/mpl-data/stylelib/_classic_test.mplstyle, line 466 ('keymap.all_axes : a                 # enable all axes')
You probably need to get an updated matplotlibrc file from
https://github.com/matplotlib/matplotlib/blob/v3.7.1/matplotlibrc.template
or from the matplotlib source distribution

Bad key animation.avconv_path in file /software/python-anaconda-2020.11-el8-x86_64/lib/python3.8/site-packages/matplotlib/mpl-data/stylelib/_classic_test.mplstyle, line 477 ('animation.avconv_path: avconv     # Path to avconv binary. Without full path')
You probably need to get an updated matplotlibrc file from
https://github.com/matplotlib/matplotlib/blob/v3.7.1/matplotlibrc.template
or from the matplotlib source distribution

Bad key animation.avconv_path in file /software/python-anaconda-2020.11-el8-x86_64/lib/python3.8/site-packages/matplotlib/mpl-data/stylelib/_classic_test.mplstyle, line 477 ('animation.avconv_path: avconv     # Path to avconv binary. Without full path')
You probably need to get an updated matplotlibrc file from
https://github.com/matplotlib/matplotlib/blob/v3.7.1/matplotlibrc.template
or from the matplotlib source distribution

Bad key animation.avconv_args in file /software/python-anaconda-2020.11-el8-x86_64/lib/python3.8/site-packages/matplotlib/mpl-data/stylelib/_classic_test.mplstyle, line 479 ('animation.avconv_args:            # Additional arguments to pass to avconv')
You probably need to get an updated matplotlibrc file from
https://github.com/matplotlib/matplotlib/blob/v3.7.1/matplotlibrc.template
or from the matplotlib source distribution

Bad key animation.avconv_args in file /software/python-anaconda-2020.11-el8-x86_64/lib/python3.8/site-packages/matplotlib/mpl-data/stylelib/_classic_test.mplstyle, line 479 ('animation.avconv_args:            # Additional arguments to pass to avconv')
You probably need to get an updated matplotlibrc file from
https://github.com/matplotlib/matplotlib/blob/v3.7.1/matplotlibrc.template
or from the matplotlib source distribution

Bad key animation.avconv_path in file /software/python-anaconda-2020.11-el8-x86_64/lib/python3.8/site-packages/matplotlib/mpl-data/stylelib/_classic_test.mplstyle, line 477 ('animation.avconv_path: avconv     # Path to avconv binary. Without full path')
You probably need to get an updated matplotlibrc file from
https://github.com/matplotlib/matplotlib/blob/v3.7.1/matplotlibrc.template
or from the matplotlib source distribution

Bad key animation.avconv_args in file /software/python-anaconda-2020.11-el8-x86_64/lib/python3.8/site-packages/matplotlib/mpl-data/stylelib/_classic_test.mplstyle, line 479 ('animation.avconv_args:            # Additional arguments to pass to avconv')
You probably need to get an updated matplotlibrc file from
https://github.com/matplotlib/matplotlib/blob/v3.7.1/matplotlibrc.template
or from the matplotlib source distribution
Traceback (most recent call last):
  File "/project/pedramh/shared/S2S/v2.0/train.py", line 13, in <module>
    import wandb
ModuleNotFoundError: No module named 'wandb'
Traceback (most recent call last):
  File "/project/pedramh/shared/S2S/v2.0/train.py", line 13, in <module>
    import wandb
ModuleNotFoundError: No module named 'wandb'
Traceback (most recent call last):
  File "/project/pedramh/shared/S2S/v2.0/train.py", line 13, in <module>
Traceback (most recent call last):
  File "/project/pedramh/shared/S2S/v2.0/train.py", line 13, in <module>
    import wandb
ModuleNotFoundError: No module named 'wandb'
    import wandb
ModuleNotFoundError: No module named 'wandb'
ERROR:torch.distributed.elastic.multiprocessing.api:failed (exitcode: 1) local_rank: 0 (pid: 2360650) of binary: /software/python-anaconda-2020.11-el8-x86_64/bin/python
Traceback (most recent call last):
  File "/home/mehta5/.local/bin/torchrun", line 8, in <module>
    sys.exit(main())
  File "/software/python-anaconda-2020.11-el8-x86_64/lib/python3.8/site-packages/torch/distributed/elastic/multiprocessing/errors/__init__.py", line 346, in wrapper
    return f(*args, **kwargs)
  File "/software/python-anaconda-2020.11-el8-x86_64/lib/python3.8/site-packages/torch/distributed/run.py", line 762, in main
    run(args)
  File "/software/python-anaconda-2020.11-el8-x86_64/lib/python3.8/site-packages/torch/distributed/run.py", line 753, in run
    elastic_launch(
  File "/software/python-anaconda-2020.11-el8-x86_64/lib/python3.8/site-packages/torch/distributed/launcher/api.py", line 132, in __call__
    return launch_agent(self._config, self._entrypoint, list(args))
  File "/software/python-anaconda-2020.11-el8-x86_64/lib/python3.8/site-packages/torch/distributed/launcher/api.py", line 246, in launch_agent
    raise ChildFailedError(
torch.distributed.elastic.multiprocessing.errors.ChildFailedError: 
============================================================
/project/pedramh/shared/S2S/v2.0/train.py FAILED
------------------------------------------------------------
Failures:
[1]:
  time      : 2026-05-31_22:54:52
  host      : midway3-0423.rcc.local
  rank      : 1 (local_rank: 1)
  exitcode  : 1 (pid: 2360651)
  error_file: <N/A>
  traceback : To enable traceback see: https://pytorch.org/docs/stable/elastic/errors.html
[2]:
  time      : 2026-05-31_22:54:52
  host      : midway3-0423.rcc.local
  rank      : 2 (local_rank: 2)
  exitcode  : 1 (pid: 2360654)
  error_file: <N/A>
  traceback : To enable traceback see: https://pytorch.org/docs/stable/elastic/errors.html
[3]:
  time      : 2026-05-31_22:54:52
  host      : midway3-0423.rcc.local
  rank      : 3 (local_rank: 3)
  exitcode  : 1 (pid: 2360659)
  error_file: <N/A>
  traceback : To enable traceback see: https://pytorch.org/docs/stable/elastic/errors.html
------------------------------------------------------------
Root Cause (first observed failure):
[0]:
  time      : 2026-05-31_22:54:52
  host      : midway3-0423.rcc.local
  rank      : 0 (local_rank: 0)
  exitcode  : 1 (pid: 2360650)
  error_file: <N/A>
  traceback : To enable traceback see: https://pytorch.org/docs/stable/elastic/errors.html
============================================================
